<UILayoutContainerView; frame = (0 0; 414 852); clipsToBounds = YES; autoresize = W+H; gestureRecognizers = <NSArray>; layer = <CALayer>>
   | <UINavigationTransitionView; frame = (0 0; 414 852); clipsToBounds = YES; autoresize = W+H; layer = <CALayer>>
   |    | <UIViewControllerWrapperView; frame = (0 0; 414 852); layer = <CALayer>>
   |    |    | <Marvel_Swift.DetailView; frame = (0 0; 414 852); layer = <CALayer>>
   |    |    |    | <UIScrollView; frame = (0 0; 414 852); clipsToBounds = YES; gestureRecognizers = <NSArray>; layer = <CALayer>; contentOffset: {0, -88}; contentSize: {414, 693.5}; adjustedContentInset: {88, 0, 34, 0}>
   |    |    |    |    | <UIView; frame = (0 0; 414 693.5); layer = <CALayer>>
   |    |    |    |    |    | <UIImageView; frame = (67 20; 280 280); clipsToBounds = YES; opaque = NO; userInteractionEnabled = NO; layer = <CALayer>>
   |    |    |    |    |    | <UILabel; frame = (16 320; 382 20.5); text = 'Description'; userInteractionEnabled = NO; layer = <_UILabelLayer>>
   |    |    |    |    |    | <UILabel; frame = (16 346.5; 382 20.5); text = 'Description Fake'; userInteractionEnabled = NO; layer = <_UILabelLayer>>
   |    |    |    |    |    | <UILabel; frame = (16 387; 382 20.5); text = 'Participations in comics ...'; userInteractionEnabled = NO; layer = <_UILabelLayer>>
   |    |    |    |    |    | <UICollectionView; frame = (8 413.5; 406 220); clipsToBounds = YES; gestureRecognizers = <NSArray>; layer = <CALayer>; contentOffset: {0, 0}; contentSize: {130, 220}; adjustedContentInset: {0, 0, 0, 0}; layout: <UICollectionViewFlowLayout>; dataSource: <Marvel_Swift.CharacterDetailViewController>>
   |    |    |    |    |    |    | <Marvel_Swift.ComicCollectionViewCell; baseClass = UICollectionViewCell; frame = (0 5; 130 210); layer = <CALayer>>
   |    |    |    |    |    |    |    | <UIView; frame = (0 0; 130 210); gestureRecognizers = <NSArray>; layer = <CALayer>>
   |    |    |    |    |    |    |    |    | <UIStackView; frame = (0 0; 130 210); layer = <CATransformLayer>>
   |    |    |    |    |    |    |    |    |    | <UIImageView; frame = (0 0; 130 120); clipsToBounds = YES; opaque = NO; userInteractionEnabled = NO; layer = <CALayer>>
   |    |    |    |    |    |    |    |    |    | <UILabel; frame = (11 110.5; 108 99.5); text = 'Media Test Fake'; userInteractionEnabled = NO; layer = <_UILabelLayer>>
   |    |    |    |    |    |    |    |    | <UIActivityIndicatorView; frame = (55 50; 20 20); hidden = YES; layer = <CALayer>>
   |    |    |    |    |    |    |    |    |    | <UIImageView; frame = (0 0; 20 20); opaque = NO; userInteractionEnabled = NO; layer = <CALayer>>
   |    |    |    |    |    |    | <_UIScrollViewScrollIndicator; frame = (400 -39; 3 36); alpha = 0; autoresize = LM; layer = <CALayer>>
   |    |    |    |    |    |    |    | <UIView; frame = (0 0; 3 36); layer = <CALayer>>
   |    |    |    |    |    |    | <_UIScrollViewScrollIndicator; frame = (-39 214; 36 3); alpha = 0; autoresize = TM; layer = <CALayer>>
   |    |    |    |    |    |    |    | <UIView; frame = (0 0; 36 3); layer = <CALayer>>
   |    |    |    |    |    | <UIActivityIndicatorView; frame = (192.5 505; 37 37); hidden = YES; layer = <CALayer>>
   |    |    |    |    |    |    | <UIImageView; frame = (0 0; 37 37); opaque = NO; userInteractionEnabled = NO; layer = <CALayer>>
   |    |    |    |    |    | <UIActivityIndicatorView; frame = (394 513.5; 20 20); hidden = YES; layer = <CALayer>>
   |    |    |    |    |    |    | <UIImageView; frame = (0 0; 20 20); opaque = NO; userInteractionEnabled = NO; layer = <CALayer>>
   |    |    |    |    | <_UIScrollViewScrollIndicator; frame = (408 720; 3 7); alpha = 0; autoresize = LM; layer = <CALayer>>
   |    |    |    |    |    | <UIView; frame = (0 0; 3 7); layer = <CALayer>>
   |    |    |    |    | <_UIScrollViewScrollIndicator; frame = (404 724; 7 3); alpha = 0; autoresize = TM; layer = <CALayer>>
   |    |    |    |    |    | <UIView; frame = (0 0; 7 3); layer = <CALayer>>
   | <UINavigationBar; frame = (0 44; 414 44); opaque = NO; autoresize = W; layer = <CALayer>>
   |    | <_UIBarBackground; frame = (0 -44; 414 88); userInteractionEnabled = NO; layer = <CALayer>>
   |    |    | <_UIBarBackgroundShadowView; frame = (0 88; 414 0.5); layer = <CALayer>> clientRequestedContentView effect=none
   |    |    |    | <_UIBarBackgroundShadowContentImageView; frame = (0 0; 414 0.5); autoresize = W+H; userInteractionEnabled = NO; layer = <CALayer>>
   |    |    | <UIVisualEffectView; frame = (0 0; 414 88); layer = <CALayer>> effect=none
   |    |    |    | <_UIVisualEffectBackdropView; frame = (0 0; 414 88); autoresize = W+H; userInteractionEnabled = NO; layer = <UICABackdropLayer>>
   |    | <_UINavigationBarContentView; frame = (0 0; 414 44); layer = <CALayer>> layout=
   |    |    | <UILabel; frame = (171 12; 72.5 20.5); text = 'Test fake'; userInteractionEnabled = NO; layer = <_UILabelLayer>>
   |    | <UIView; frame = (0 0; 0 0); userInteractionEnabled = NO; layer = <CALayer>>