<UILayoutContainerView; frame = (0 0; 414 852); clipsToBounds = YES; autoresize = W+H; gestureRecognizers = <NSArray>; layer = <CALayer>>
   | <UINavigationTransitionView; frame = (0 0; 414 852); clipsToBounds = YES; autoresize = W+H; layer = <CALayer>>
   |    | <UIViewControllerWrapperView; frame = (0 0; 414 852); layer = <CALayer>>
   |    |    | <Marvel_Swift.ListView; frame = (0 0; 414 852); layer = <CALayer>>
   |    |    |    | <UITableView; frame = (0 0; 414 852); clipsToBounds = YES; gestureRecognizers = <NSArray>; layer = <CALayer>; contentOffset: {0, -88}; contentSize: {414, 100}; adjustedContentInset: {88, 0, 34, 0}; dataSource: <Marvel_Swift.CharactersViewController>>
   |    |    |    |    | <Marvel_Swift.CharCell; baseClass = UITableViewCell; frame = (0 0; 414 100); autoresize = W; layer = <CALayer>>
   |    |    |    |    |    | <UITableViewCellContentView; frame = (0 0; 383 100); gestureRecognizers = <NSArray>; layer = <CALayer>>
   |    |    |    |    |    |    | <UIStackView; frame = (20 11; 355 78); layer = <CATransformLayer>>
   |    |    |    |    |    |    |    | <UIImageView; frame = (0 4; 70 70); clipsToBounds = YES; opaque = NO; userInteractionEnabled = NO; layer = <CALayer>>
   |    |    |    |    |    |    |    | <UILabel; frame = (80 29; 275 20.5); text = 'Test fake'; userInteractionEnabled = NO; layer = <_UILabelLayer>>
   |    |    |    |    |    |    | <UIActivityIndicatorView; frame = (45 40; 20 20); hidden = YES; layer = <CALayer>>
   |    |    |    |    |    |    |    | <UIImageView; frame = (0 0; 20 20); opaque = NO; userInteractionEnabled = NO; layer = <CALayer>>
   |    |    |    |    |    | <_UITableViewCellSeparatorView; frame = (20 99.5; 394 0.5); layer = <CALayer>>
   |    |    |    |    |    | <_UITableCellAccessoryButton; frame = (383 43.5; 11 13.5); opaque = NO; userInteractionEnabled = NO; layer = <CALayer>>
   |    |    |    |    |    |    | <UIImageView; frame = (0 0; 11 13.5); clipsToBounds = YES; opaque = NO; userInteractionEnabled = NO; layer = <CALayer>>
   |    |    |    |    | <UIView; frame = (0 100; 414 0); layer = <CALayer>>
   |    |    |    |    | <UIRefreshControl; frame = (0 0; 414 60); hidden = YES; autoresize = W; layer = <CALayer>>
   |    |    |    |    |    | <_UIRefreshControlModernContentView; frame = (0 0; 414 60); autoresize = W; layer = <CALayer>>
   |    |    |    |    |    |    | <UIView; frame = (157 -20; 100 100); layer = <CALayer>>
   |    |    |    |    |    |    |    | <_UIRefreshControlModernReplicatorView; frame = (0 0; 100 100); animations = { instanceCount=<CABasicAnimation>; opacity=<CABasicAnimation>; }; layer = <CAReplicatorLayer>>
   |    |    |    |    |    |    |    |    | <UIView; frame = (49 36.5; 2 7.5); layer = <CALayer>>
   |    |    |    |    |    |    | <UILabel; frame = (10 48.5; 394 0); alpha = 0; userInteractionEnabled = NO; layer = <_UILabelLayer>>
   |    |    |    |    |    |    |    | <_UILabelContentLayer> (layer)
   |    |    |    |    | <_UIScrollViewScrollIndicator; frame = (3 724; 408 3); alpha = 0; autoresize = TM; layer = <CALayer>>
   |    |    |    |    |    | <UIView; frame = (0 0; 408 3); layer = <CALayer>>
   |    |    |    |    | <_UIScrollViewScrollIndicator; frame = (408 689; 3 38); alpha = 0; autoresize = LM; layer = <CALayer>>
   |    |    |    |    |    | <UIView; frame = (0 0; 3 38); layer = <CALayer>>
   |    |    |    | <UILabel; frame = (16 426; 382 0); hidden = YES; userInteractionEnabled = NO; layer = <_UILabelLayer>>
   |    |    |    |    | <_UILabelContentLayer> (layer)
   |    |    |    | <UIActivityIndicatorView; frame = (188.5 407.5; 37 37); hidden = YES; layer = <CALayer>>
   |    |    |    |    | <UIImageView; frame = (0 0; 37 37); opaque = NO; userInteractionEnabled = NO; layer = <CALayer>>
   |    |    |    | <UIActivityIndicatorView; frame = (197 832; 20 20); hidden = YES; layer = <CALayer>>
   |    |    |    |    | <UIImageView; frame = (0 0; 20 20); opaque = NO; userInteractionEnabled = NO; layer = <CALayer>>
   | <UINavigationBar; frame = (0 44; 414 44); opaque = NO; autoresize = W; layer = <CALayer>>
   |    | <_UIBarBackground; frame = (0 -44; 414 88); userInteractionEnabled = NO; layer = <CALayer>>
   |    |    | <_UIBarBackgroundShadowView; frame = (0 88; 414 0.5); layer = <CALayer>> clientRequestedContentView effect=none
   |    |    |    | <_UIBarBackgroundShadowContentImageView; frame = (0 0; 414 0.5); autoresize = W+H; userInteractionEnabled = NO; layer = <CALayer>>
   |    |    | <UIVisualEffectView; frame = (0 0; 414 88); layer = <CALayer>> effect=none
   |    |    |    | <_UIVisualEffectBackdropView; frame = (0 0; 414 88); autoresize = W+H; userInteractionEnabled = NO; layer = <UICABackdropLayer>>
   |    | <_UINavigationBarContentView; frame = (0 0; 414 44); layer = <CALayer>> layout=
   |    | <UIView; frame = (0 0; 0 0); userInteractionEnabled = NO; layer = <CALayer>>